python : Traceback (most recent call last):
No linha:1 caractere:1
+ python test_chip_tim.py > test_output.txt 2>&1
+ ~~~~~~~~~~~~~~~~~~~~~~~~~~~~~~~~~~~~~~~~~~~~~~
    + CategoryInfo          : NotSpecified: (Traceback (most recent c 
   all last)::String) [], RemoteException
    + FullyQualifiedErrorId : NativeCommandError
 
  File "C:\Users\eniot\OneDrive\Desenvolvimento\Projetos\rag_multiagen
t_system\test_chip_tim.py", line 10, in <module>
    from orchestrator.hybrid_router import HybridRouter
  File "C:\Users\eniot\OneDrive\Desenvolvimento\Projetos\rag_multiagen
t_system\src\orchestrator\hybrid_router.py", line 11, in <module>
    from llm.ollama_client import OllamaClient
  File "C:\Users\eniot\OneDrive\Desenvolvimento\Projetos\rag_multiagen
t_system\src\llm\ollama_client.py", line 60, in <module>
    print("\u2705 Estrutura base do sistema implementada!")
  File "C:\Users\eniot\AppData\Local\Programs\Python\Python312\Lib\enc
odings\cp1252.py", line 19, in encode
    return codecs.charmap_encode(input,self.errors,encoding_table)[0]
           ^^^^^^^^^^^^^^^^^^^^^^^^^^^^^^^^^^^^^^^^^^^^^^^^^^^^^^^
UnicodeEncodeError: 'charmap' codec can't encode character '\u2705' 
in position 0: character maps to <undefined>
